#-----------------------------------------------------------
# Vivado v2018.3 (64-bit)
# SW Build 2405991 on Thu Dec  6 23:38:27 MST 2018
# IP Build 2404404 on Fri Dec  7 01:43:56 MST 2018
# Start of session at: Fri Jun  4 00:01:22 2021
# Process ID: 91576
# Current directory: E:/semestr8/SDUP/Projekt2/Zynq/Cenzor
# Command line: vivado.exe -gui_launcher_event rodinguilauncherevent104628 E:\semestr8\SDUP\Projekt2\Zynq\Cenzor\Cenzor.xpr
# Log file: E:/semestr8/SDUP/Projekt2/Zynq/Cenzor/vivado.log
# Journal file: E:/semestr8/SDUP/Projekt2/Zynq/Cenzor\vivado.jou
#-----------------------------------------------------------
start_gui
open_project E:/semestr8/SDUP/Projekt2/Zynq/Cenzor/Cenzor.xpr
update_compile_order -fileset sources_1
launch_sdk -workspace E:/semestr8/SDUP/Projekt2/Zynq/Cenzor/Cenzor.sdk -hwspec E:/semestr8/SDUP/Projekt2/Zynq/Cenzor/Cenzor.sdk/Cenzor_design_wrapper.hdf
open_bd_design {E:/semestr8/SDUP/Projekt2/Zynq/Cenzor/Cenzor.srcs/sources_1/bd/Cenzor_design/Cenzor_design.bd}
